
Running 7 tests using 2 workers

(node:14576) Warning: The 'NO_COLOR' env is ignored due to the 'FORCE_COLOR' env being set.
(Use `node --trace-warnings ...` to show where the warning was created)
(node:21052) Warning: The 'NO_COLOR' env is ignored due to the 'FORCE_COLOR' env being set.
(Use `node --trace-warnings ...` to show where the warning was created)
  ok 1 [chromium] › tests\e2e\57-book-listening-journey.spec.ts:7:31 › book to transcript, meaning, review and exact return at 320px (9.7s)
  ok 2 [chromium] › tests\e2e\57-book-listening-journey.spec.ts:7:31 › book to transcript, meaning, review and exact return at 1440px (10.3s)
  ok 4 [chromium] › tests\e2e\58-release-resilience.spec.ts:3:1 › library filters and global search update locally and preserve Back (4.7s)
  ok 3 [chromium] › tests\e2e\57-book-listening-journey.spec.ts:58:1 › book line saves preserve source selection and answers stay deliberate (7.3s)
  ok 5 [chromium] › tests\e2e\58-release-resilience.spec.ts:24:1 › empty recording search recovers without losing the library (2.0s)
200% text vocabulary/ {"overflow":0,"outside":[]}
200% text lessons/12/ {"overflow":0,"outside":[{"tag":"BUTTON","class":"","text":"Phrases","width":102},{"tag":"BUTTON","class":"","text":"Practice","width":102}]}
200% text cheat-sheets/ {"overflow":0,"outside":[]}
200% text cheat-sheets/home/ {"overflow":0,"outside":[]}
200% text collections/professions/ {"overflow":0,"outside":[]}
  ok 7 [chromium] › tests\e2e\58-release-resilience.spec.ts:69:2 › real offline recovery › played audio and saved progress survive offline reload; unopened pages are honest (10.0s)
200% text book/?page=coursebook-30 {"overflow":0,"outside":[]}
200% text listening/ {"overflow":0,"outside":[]}
200% text settings/ {"overflow":0,"outside":[]}
  ok 6 [chromium] › tests\e2e\58-release-resilience.spec.ts:35:1 › learning views retain readable reflow when text is enlarged to 200 percent (12.5s)

  7 passed (31.5s)
