
Running 14 tests using 2 workers

(node:21468) Warning: The 'NO_COLOR' env is ignored due to the 'FORCE_COLOR' env being set.
(Use `node --trace-warnings ...` to show where the warning was created)
(node:15752) Warning: The 'NO_COLOR' env is ignored due to the 'FORCE_COLOR' env being set.
(Use `node --trace-warnings ...` to show where the warning was created)
  ok  2 [chromium] › tests\e2e\46-cheat-sheet-summaries.spec.ts:5:5 › home prints its complete summary without changing recall or filters at 320px (3.2s)
  ok  1 [chromium] › tests\e2e\46-cheat-sheet-summaries.spec.ts:5:5 › countries prints its complete summary without changing recall or filters at 320px (3.8s)
  ok  4 [chromium] › tests\e2e\46-cheat-sheet-summaries.spec.ts:5:5 › home prints its complete summary without changing recall or filters at 1440px (4.4s)
  ok  3 [chromium] › tests\e2e\46-cheat-sheet-summaries.spec.ts:5:5 › countries prints its complete summary without changing recall or filters at 1440px (5.3s)
  ok  5 [chromium] › tests\e2e\46-cheat-sheet-summaries.spec.ts:51:1 › home overview keeps one set of objects and returns focus after Escape and selection (3.8s)
  ok  6 [chromium] › tests\e2e\46-cheat-sheet-summaries.spec.ts:73:1 › home pronunciation follows the saved speed when its slow override is off (6.6s)
  ok  7 [chromium] › tests\e2e\46-cheat-sheet-summaries.spec.ts:97:33 › shared overviews preserve verb, number and register selections at 390px (5.0s)
  ok  8 [chromium] › tests\e2e\46-cheat-sheet-summaries.spec.ts:97:33 › shared overviews preserve verb, number and register selections at 1440px (7.5s)
  ok  9 [chromium] › tests\e2e\49-grammar-sheets.spec.ts:6:31 › verb parts, exact audio and saved-person return at 320px (8.8s)
  ok 11 [chromium] › tests\e2e\49-grammar-sheets.spec.ts:39:31 › question contrast, full reply, scope and saved-builder return at 320px (4.3s)
  ok 10 [chromium] › tests\e2e\49-grammar-sheets.spec.ts:6:31 › verb parts, exact audio and saved-person return at 1440px (10.8s)
  ok 13 [chromium] › tests\e2e\49-grammar-sheets.spec.ts:67:42 › verbs prints a concise complete pattern summary (2.0s)
  ok 12 [chromium] › tests\e2e\49-grammar-sheets.spec.ts:39:31 › question contrast, full reply, scope and saved-builder return at 1440px (5.8s)
  ok 14 [chromium] › tests\e2e\49-grammar-sheets.spec.ts:67:42 › questions prints a concise complete pattern summary (1.6s)

  14 passed (38.4s)
