1440 /book/: 200, 1 accessibility findings, 0 errors
390 /book/: 200, 1 accessibility findings, 0 errors
1440 /cheat-sheets/hobbies/: 200, 0 accessibility findings, 0 errors
390 /cheat-sheets/hobbies/: 200, 0 accessibility findings, 0 errors
1440 /cheat-sheets/food/: 200, 0 accessibility findings, 0 errors
390 /cheat-sheets/food/: 200, 0 accessibility findings, 0 errors
390 /cheat-sheets/home/: 200, 0 accessibility findings, 0 errors
1440 /cheat-sheets/home/: 200, 0 accessibility findings, 0 errors
1440 /cheat-sheets/journeys/: 200, 0 accessibility findings, 0 errors
390 /cheat-sheets/journeys/: 200, 0 accessibility findings, 0 errors
1440 /cheat-sheets/numbers/: 200, 0 accessibility findings, 0 errors
390 /cheat-sheets/numbers/: 200, 0 accessibility findings, 0 errors
390 /cheat-sheets/objects/: 200, 0 accessibility findings, 0 errors
1440 /cheat-sheets/objects/: 200, 0 accessibility findings, 0 errors
390 /cheat-sheets/conversation/: 200, 0 accessibility findings, 0 errors
1440 /cheat-sheets/conversation/: 200, 0 accessibility findings, 0 errors
390 /cheat-sheets/office/: 200, 0 accessibility findings, 0 errors
1440 /cheat-sheets/office/: 200, 0 accessibility findings, 0 errors
1440 /cheat-sheets/past/: 200, 0 accessibility findings, 0 errors
390 /cheat-sheets/past/: 200, 0 accessibility findings, 0 errors
1440 /cheat-sheets/people/: 200, 0 accessibility findings, 0 errors
390 /cheat-sheets/people/: 200, 0 accessibility findings, 0 errors
1440 /cheat-sheets/: 200, 0 accessibility findings, 0 errors
390 /cheat-sheets/: 200, 0 accessibility findings, 0 errors
1440 /cheat-sheets/questions/: 200, 0 accessibility findings, 0 errors
390 /cheat-sheets/questions/: 200, 0 accessibility findings, 0 errors
390 /cheat-sheets/time/: 200, 0 accessibility findings, 0 errors
390 /cheat-sheets/travel/: 200, 0 accessibility findings, 0 errors
1440 /cheat-sheets/time/: 200, 0 accessibility findings, 0 errors
390 /cheat-sheets/verbs/: 200, 0 accessibility findings, 0 errors
1440 /cheat-sheets/travel/: 200, 0 accessibility findings, 0 errors
390 /collections/professions/: 200, 0 accessibility findings, 0 errors
1440 /cheat-sheets/verbs/: 200, 0 accessibility findings, 0 errors
390 /conversation/: 200, 0 accessibility findings, 0 errors
1440 /collections/professions/: 200, 0 accessibility findings, 0 errors
1440 /conversation/: 200, 0 accessibility findings, 0 errors
1440 /grammar/: 200, 0 accessibility findings, 0 errors
390 /grammar/: 200, 0 accessibility findings, 0 errors
1440 /concepts/: 200, 0 accessibility findings, 0 errors
1440 /hubs/: 200, 0 accessibility findings, 0 errors
390 /concepts/: 200, 0 accessibility findings, 0 errors
1440 /lessons/: 200, 0 accessibility findings, 0 errors
390 /hubs/: 200, 0 accessibility findings, 0 errors
1440 /listening/: 200, 0 accessibility findings, 0 errors
390 /lessons/: 200, 0 accessibility findings, 0 errors
390 /listening/: 200, 0 accessibility findings, 0 errors
1440 /phrases/: 200, 0 accessibility findings, 0 errors
390 /phrases/: 200, 0 accessibility findings, 0 errors
390 /: 200, 0 accessibility findings, 0 errors
390 /references/: 200, 0 accessibility findings, 0 errors
1440 /: 200, 0 accessibility findings, 0 errors
1440 /references/: 200, 0 accessibility findings, 0 errors
390 /review/: 200, 0 accessibility findings, 0 errors
1440 /review/: 200, 0 accessibility findings, 0 errors
390 /review/session/today/: 200, 0 accessibility findings, 0 errors
390 /practice/: 200, 0 accessibility findings, 0 errors
1440 /review/session/today/: 200, 0 accessibility findings, 0 errors
390 /saved/: 200, 0 accessibility findings, 0 errors
1440 /practice/: 200, 0 accessibility findings, 0 errors
1440 /saved/: 200, 0 accessibility findings, 0 errors
1440 /search/: 200, 0 accessibility findings, 0 errors
1440 /settings/: 200, 0 accessibility findings, 0 errors
390 /search/: 200, 0 accessibility findings, 0 errors
390 /settings/: 200, 0 accessibility findings, 0 errors
1440 /review-audio/: 200, 0 accessibility findings, 0 errors
390 /review-audio/: 200, 0 accessibility findings, 0 errors
1440 /verbs/: 200, 0 accessibility findings, 0 errors
1440 /lessons/01/: 200, 0 accessibility findings, 0 errors
390 /verbs/: 200, 0 accessibility findings, 0 errors
1440 /vocabulary/: 200, 0 accessibility findings, 0 errors
390 /lessons/01/: 200, 0 accessibility findings, 0 errors
1440 /lessons/02/: 200, 0 accessibility findings, 0 errors
390 /vocabulary/: 200, 0 accessibility findings, 0 errors
1440 /lessons/04/: 200, 0 accessibility findings, 0 errors
390 /lessons/02/: 200, 0 accessibility findings, 0 errors
1440 /lessons/03/: 200, 0 accessibility findings, 0 errors
390 /lessons/04/: 200, 0 accessibility findings, 0 errors
1440 /lessons/07/: 200, 0 accessibility findings, 0 errors
390 /lessons/03/: 200, 0 accessibility findings, 0 errors
1440 /lessons/06/: 200, 0 accessibility findings, 0 errors
390 /lessons/07/: 200, 0 accessibility findings, 0 errors
1440 /lessons/05/: 200, 0 accessibility findings, 0 errors
390 /lessons/06/: 200, 0 accessibility findings, 0 errors
390 /lessons/05/: 200, 0 accessibility findings, 0 errors
1440 /lessons/08/: 200, 0 accessibility findings, 0 errors
390 /lessons/08/: 200, 0 accessibility findings, 0 errors
1440 /lessons/10/: 200, 0 accessibility findings, 0 errors
390 /lessons/10/: 200, 0 accessibility findings, 0 errors
1440 /lessons/09/: 200, 0 accessibility findings, 0 errors
390 /lessons/09/: 200, 0 accessibility findings, 0 errors
1440 /lessons/11/: 200, 0 accessibility findings, 0 errors
390 /lessons/11/: 200, 0 accessibility findings, 0 errors
1440 /lessons/12/: 200, 0 accessibility findings, 0 errors
390 /lessons/12/: 200, 0 accessibility findings, 0 errors
1440 /collections/professions/01/: 200, 0 accessibility findings, 0 errors
390 /collections/professions/01/: 200, 0 accessibility findings, 0 errors
1440 /vocabulary/w079/: 200, 0 accessibility findings, 0 errors
390 /vocabulary/w079/: 200, 0 accessibility findings, 0 errors
1440 /vocabulary/w080/: 200, 0 accessibility findings, 0 errors
1440 /vocabulary/w089/: 200, 0 accessibility findings, 0 errors
390 /vocabulary/w080/: 200, 0 accessibility findings, 0 errors
1440 /verbs/id-766572623a6865697373656e/: 200, 0 accessibility findings, 0 errors
390 /vocabulary/w089/: 200, 0 accessibility findings, 0 errors
1440 /grammar/id-6772616d3a6175732d6f726967696e2d6c31/: 200, 0 accessibility findings, 0 errors
1440 /phrases/id-71613a6167652d63617375616c/: 200, 0 accessibility findings, 0 errors
390 /verbs/id-766572623a6865697373656e/: 200, 0 accessibility findings, 0 errors
1440 /practice/flashcards/: 200, 0 accessibility findings, 0 errors
390 /grammar/id-6772616d3a6175732d6f726967696e2d6c31/: 200, 0 accessibility findings, 0 errors
1440 /conversation/id-71613a70726f66657373696f6e2d63617375616c2d6d61696e/: 200, 0 accessibility findings, 0 errors
390 /phrases/id-71613a6167652d63617375616c/: 200, 0 accessibility findings, 0 errors
390 /practice/flashcards/: 200, 0 accessibility findings, 0 errors
390 /conversation/id-71613a70726f66657373696f6e2d63617375616c2d6d61696e/: 200, 0 accessibility findings, 0 errors
390 /lessons/01/activity/id-61637469766974793a6c6573736f6e2d30312d6772656574696e67732d62792d636f6e74657874/: 200, 0 accessibility findings, 0 errors
1440 /lessons/01/activity/id-61637469766974793a6c6573736f6e2d30312d6772656574696e67732d62792d636f6e74657874/: 200, 0 accessibility findings, 0 errors
390 /lessons/02/activity/id-61637469766974793a6c6573736f6e2d30322d706572736f6e616c2d70726f66696c65/: 200, 0 accessibility findings, 0 errors
1440 /lessons/02/activity/id-61637469766974793a6c6573736f6e2d30322d706572736f6e616c2d70726f66696c65/: 200, 0 accessibility findings, 0 errors
116 rendered views; 0 require follow-up.
