
Running 91 tests using 2 workers

(node:27952) Warning: The 'NO_COLOR' env is ignored due to the 'FORCE_COLOR' env being set.
(Use `node --trace-warnings ...` to show where the warning was created)
(node:22612) Warning: The 'NO_COLOR' env is ignored due to the 'FORCE_COLOR' env being set.
(Use `node --trace-warnings ...` to show where the warning was created)
  ok  1 platform\tests\e2e\40-ux-readability.spec.ts:6:3 › learning cards and country rows remain readable at 320px (16.8s)
  ok  3 platform\tests\e2e\40-ux-readability.spec.ts:6:3 › learning cards and country rows remain readable at 390px (15.8s)
  ok  2 platform\tests\e2e\41-complete-backup.spec.ts:4:1 › saved study, course progress and settings survive a complete backup round trip (41.1s)
  ok  5 platform\tests\e2e\41-complete-backup.spec.ts:118:1 › Lesson 4 also resumes its quiz and supports an explicit restart (6.4s)
  ok  4 platform\tests\e2e\40-ux-readability.spec.ts:6:3 › learning cards and country rows remain readable at 768px (19.0s)
  ok  6 platform\tests\e2e\42-shared-learning-actions.spec.ts:5:1 › saved pronunciation speed follows word cards, original recordings and the reader (13.4s)
  ok  7 platform\tests\e2e\40-ux-readability.spec.ts:6:3 › learning cards and country rows remain readable at 1440px (14.8s)
  ok  8 platform\tests\e2e\42-shared-learning-actions.spec.ts:46:1 › saving a profession in its collection is reflected on its word card and can be removed there (7.3s)
  ok  9 platform\tests\e2e\40-ux-readability.spec.ts:22:1 › phone diagrams expose readable steps and dictionary preserves keyboard focus (4.5s)
  ok 10 platform\tests\e2e\42-shared-learning-actions.spec.ts:58:1 › profession filters control both the displayed cards and the review pool (5.0s)
  ok 12 platform\tests\e2e\42-shared-learning-actions.spec.ts:86:1 › German text offers one keyboard stop per phrase and complete-phrase lookup (4.2s)
  ok 11 platform\tests\e2e\43-navigation-and-continue.spec.ts:4:3 › navigation stays compact and keyboard-safe at 320px (9.9s)
  ok 13 platform\tests\e2e\42-shared-learning-actions.spec.ts:103:1 › transcript lines share pronunciation, meaning and saved-review actions (5.7s)
  ok 15 platform\tests\e2e\42-shared-learning-actions.spec.ts:127:1 › a failed preview recording shows a useful error and can be retried (6.2s)
  ok 14 platform\tests\e2e\43-navigation-and-continue.spec.ts:4:3 › navigation stays compact and keyboard-safe at 768px (9.5s)
  ok 17 platform\tests\e2e\43-navigation-and-continue.spec.ts:43:1 › the compact sheet chooser searches all fifteen sheets and preserves return links (10.5s)
  ok 16 platform\tests\e2e\44-professions-learning.spec.ts:4:3 › professions connect patterns, pronunciation, saving and recall at 320px (16.8s)
  ok 18 platform\tests\e2e\43-navigation-and-continue.spec.ts:63:1 › Continue follows the last visited lesson and due review precedes the course map (17.3s)
  ok 19 platform\tests\e2e\44-professions-learning.spec.ts:4:3 › professions connect patterns, pronunciation, saving and recall at 390px (12.6s)
  ok 21 platform\tests\e2e\44-professions-learning.spec.ts:4:3 › professions connect patterns, pronunciation, saving and recall at 768px (14.7s)
  ok 20 platform\tests\e2e\45-lessons-and-libraries.spec.ts:3:1 › all twelve lessons expose Learn, Listen, Practise and source books (22.3s)
  ok 22 platform\tests\e2e\44-professions-learning.spec.ts:4:3 › professions connect patterns, pronunciation, saving and recall at 1440px (16.7s)
  ok 23 platform\tests\e2e\45-lessons-and-libraries.spec.ts:20:31 › compact libraries and search keep context at 320px (14.8s)
  ok 24 platform\tests\e2e\44-professions-learning.spec.ts:48:1 › the bounded collection keeps every profession and alternative reachable (7.2s)
  ok 26 platform\tests\e2e\46-cheat-sheet-summaries.spec.ts:5:5 › countries prints its complete summary without changing recall or filters at 320px (8.0s)
  ok 27 platform\tests\e2e\46-cheat-sheet-summaries.spec.ts:5:5 › home prints its complete summary without changing recall or filters at 320px (5.0s)
  ok 25 platform\tests\e2e\45-lessons-and-libraries.spec.ts:20:31 › compact libraries and search keep context at 1440px (16.0s)
  ok 29 platform\tests\e2e\45-lessons-and-libraries.spec.ts:55:1 › lesson words stay bounded and checked practice resumes (6.7s)
  ok 28 platform\tests\e2e\46-cheat-sheet-summaries.spec.ts:5:5 › countries prints its complete summary without changing recall or filters at 1440px (7.7s)
  ok 31 platform\tests\e2e\46-cheat-sheet-summaries.spec.ts:5:5 › home prints its complete summary without changing recall or filters at 1440px (4.0s)
  ok 32 platform\tests\e2e\46-cheat-sheet-summaries.spec.ts:51:1 › home overview keeps one set of objects and returns focus after Escape and selection (4.7s)
  ok 30 platform\tests\e2e\47-sheet-selection.spec.ts:3:31 › country and home word cards return to the selected item at 320px (10.6s)
  ok 33 platform\tests\e2e\46-cheat-sheet-summaries.spec.ts:73:1 › home pronunciation follows the saved speed when its slow override is off (7.6s)
  ok 34 platform\tests\e2e\47-sheet-selection.spec.ts:3:31 › country and home word cards return to the selected item at 1440px (12.5s)
  ok 35 platform\tests\e2e\46-cheat-sheet-summaries.spec.ts:97:33 › shared overviews preserve verb, number and register selections at 390px (9.2s)
  ok 37 platform\tests\e2e\46-cheat-sheet-summaries.spec.ts:97:33 › shared overviews preserve verb, number and register selections at 1440px (7.6s)
  ok 36 platform\tests\e2e\47-sheet-selection.spec.ts:21:32 › country and home recall follow selection, search and saved filters at 320px (11.5s)
  ok 38 platform\tests\e2e\48-people-learning.spec.ts:3:39 › people family viewpoint, saved sentence and card return at 320px (11.1s)
  ok 39 platform\tests\e2e\47-sheet-selection.spec.ts:21:32 › country and home recall follow selection, search and saved filters at 1440px (11.2s)
  ok 40 platform\tests\e2e\48-people-learning.spec.ts:3:39 › people family viewpoint, saved sentence and card return at 390px (11.7s)
  ok 41 platform\tests\e2e\49-grammar-sheets.spec.ts:6:31 › verb parts, exact audio and saved-person return at 320px (10.3s)
  ok 42 platform\tests\e2e\48-people-learning.spec.ts:3:39 › people family viewpoint, saved sentence and card return at 768px (10.4s)
  ok 43 platform\tests\e2e\49-grammar-sheets.spec.ts:6:31 › verb parts, exact audio and saved-person return at 1440px (11.4s)
  ok 45 platform\tests\e2e\49-grammar-sheets.spec.ts:39:31 › question contrast, full reply, scope and saved-builder return at 320px (8.1s)
  ok 44 platform\tests\e2e\48-people-learning.spec.ts:3:39 › people family viewpoint, saved sentence and card return at 1440px (10.4s)
  ok 46 platform\tests\e2e\49-grammar-sheets.spec.ts:39:31 › question contrast, full reply, scope and saved-builder return at 1440px (6.9s)
  ok 47 platform\tests\e2e\48-people-learning.spec.ts:40:31 › people bounded browsing, scoped recall and saved-filter return at 390px (9.4s)
  ok 48 platform\tests\e2e\49-grammar-sheets.spec.ts:67:1 › saved sentence patterns and replies restore their exact teaching context (4.5s)
  ok 50 platform\tests\e2e\49-grammar-sheets.spec.ts:85:42 › verbs prints a concise complete pattern summary (4.1s)
  ok 51 platform\tests\e2e\49-grammar-sheets.spec.ts:85:42 › questions prints a concise complete pattern summary (3.7s)
  ok 49 platform\tests\e2e\48-people-learning.spec.ts:40:31 › people bounded browsing, scoped recall and saved-filter return at 1440px (8.8s)
  ok 53 platform\tests\e2e\48-people-learning.spec.ts:71:1 › people prints a complete family summary while preserving the learning view (4.6s)
  ok 52 platform\tests\e2e\50-numbers-learning.spec.ts:3:31 › number reading, listening and saved values at 320px (12.2s)
  ok 54 platform\tests\e2e\51-conversation-learning.spec.ts:3:31 › dialogue roles, saved context and alphabet audio at 320px (9.7s)
  ok 56 platform\tests\e2e\51-conversation-learning.spec.ts:3:31 › dialogue roles, saved context and alphabet audio at 1440px (8.5s)
  ok 55 platform\tests\e2e\50-numbers-learning.spec.ts:3:31 › number reading, listening and saved values at 1440px (11.2s)
  ok 57 platform\tests\e2e\51-conversation-learning.spec.ts:24:1 › name spelling requests German letter cues and survives missing speech support (4.4s)
  ok 58 platform\tests\e2e\50-numbers-learning.spec.ts:34:1 › number filters control listening, recall and empty selections together (4.3s)
  ok 59 platform\tests\e2e\51-conversation-learning.spec.ts:32:1 › conversation card filters control recall and foundation scope is explicit (4.1s)
  ok 60 platform\tests\e2e\50-numbers-learning.spec.ts:54:1 › numbers prints common patterns without changing the chosen example (4.5s)
  ok 61 platform\tests\e2e\51-conversation-learning.spec.ts:39:1 › conversation prints dialogue contrasts and all thirty letter cues (4.1s)
  ok 62 platform\tests\e2e\52-objects-office-learning.spec.ts:3:31 › object picture, description and saved settings at 320px (7.5s)
  ok 63 platform\tests\e2e\53-hobbies-time-learning.spec.ts:3:31 › hobby illustrations, contrasts and saved settings at 320px (9.4s)
  ok 64 platform\tests\e2e\52-objects-office-learning.spec.ts:3:31 › object picture, description and saved settings at 1440px (7.1s)
  ok 65 platform\tests\e2e\53-hobbies-time-learning.spec.ts:3:31 › hobby illustrations, contrasts and saved settings at 1440px (8.3s)
  ok 66 platform\tests\e2e\52-objects-office-learning.spec.ts:14:31 › office roles, contextual return and phone listening at 320px (11.1s)
  ok 67 platform\tests\e2e\53-hobbies-time-learning.spec.ts:12:31 › clock listening, weekly plans and reload at 320px (14.1s)
  ok 68 platform\tests\e2e\52-objects-office-learning.spec.ts:14:31 › office roles, contextual return and phone listening at 1440px (10.4s)
  ok 70 platform\tests\e2e\52-objects-office-learning.spec.ts:25:1 › bounded sheet cards, filters, full-card return and saved phone turn (9.8s)
  ok 69 platform\tests\e2e\53-hobbies-time-learning.spec.ts:12:31 › clock listening, weekly plans and reload at 1440px (14.2s)
  ok 71 platform\tests\e2e\52-objects-office-learning.spec.ts:32:1 › object and office summaries export to A4 and Letter (7.1s)
  ok 72 platform\tests\e2e\53-hobbies-time-learning.spec.ts:19:1 › hobby and time card practice respects scope and saved filters (8.8s)
  ok 74 platform\tests\e2e\53-hobbies-time-learning.spec.ts:23:1 › hobbies and time print concise A4 and Letter summaries (6.8s)
  ok 73 platform\tests\e2e\54-food-learning.spec.ts:3:31 › food menu, portions and saved context at 320px (15.0s)
  ok 76 platform\tests\e2e\54-food-learning.spec.ts:3:31 › food menu, portions and saved context at 1440px (22.9s)
  ok 75 platform\tests\e2e\55-travel-learning.spec.ts:2:31 › travel scenes, sentence bracket and saved audio context at 320px (28.8s)
  ok 77 platform\tests\e2e\54-food-learning.spec.ts:14:1 › food groups, plurals, chosen practice and print (5.5s)
  ok 78 platform\tests\e2e\55-travel-learning.spec.ts:2:31 › travel scenes, sentence bracket and saved audio context at 1440px (12.6s)
  ok 79 platform\tests\e2e\56-past-journey-learning.spec.ts:12:2 › yesterday timeline, opening-hours recall and saved context at 320px (14.3s)
  ok 80 platform\tests\e2e\55-travel-learning.spec.ts:7:1 › travel scoped cards and print summary (5.3s)
  ok 81 platform\tests\e2e\56-past-journey-learning.spec.ts:48:2 › season wheel, trip auxiliary and year return at 320px (16.7s)
  ok 82 platform\tests\e2e\57-book-listening-journey.spec.ts:7:31 › book to transcript, meaning, review and exact return at 320px (16.6s)
  ok 84 platform\tests\e2e\57-book-listening-journey.spec.ts:7:31 › book to transcript, meaning, review and exact return at 1440px (16.9s)
  ok 83 platform\tests\e2e\56-past-journey-learning.spec.ts:12:2 › yesterday timeline, opening-hours recall and saved context at 1440px (23.1s)
  ok 85 platform\tests\e2e\57-book-listening-journey.spec.ts:58:1 › book line saves preserve source selection and answers stay deliberate (7.5s)
  ok 87 platform\tests\e2e\58-release-resilience.spec.ts:3:1 › library filters and global search update locally and preserve Back (5.0s)
  ok 88 platform\tests\e2e\58-release-resilience.spec.ts:24:1 › empty recording search recovers without losing the library (3.4s)
  ok 86 platform\tests\e2e\56-past-journey-learning.spec.ts:48:2 › season wheel, trip auxiliary and year return at 1440px (12.3s)
200% text vocabulary/ {"overflow":0,"outside":[]}
200% text lessons/12/ {"overflow":0,"outside":[{"tag":"BUTTON","class":"","text":"Phrases","width":102},{"tag":"BUTTON","class":"","text":"Practice","width":102}]}
  ok 90 platform\tests\e2e\56-past-journey-learning.spec.ts:87:1 › past and journey cards remain scoped and their summaries export (6.6s)
200% text cheat-sheets/ {"overflow":0,"outside":[]}
200% text cheat-sheets/home/ {"overflow":0,"outside":[]}
200% text collections/professions/ {"overflow":0,"outside":[]}
200% text book/?page=coursebook-30 {"overflow":0,"outside":[]}
200% text listening/ {"overflow":0,"outside":[]}
200% text settings/ {"overflow":0,"outside":[]}
  ok 89 platform\tests\e2e\58-release-resilience.spec.ts:35:1 › learning views retain readable reflow when text is enlarged to 200 percent (16.4s)
  ok 91 platform\tests\e2e\58-release-resilience.spec.ts:69:2 › real offline recovery › played audio and saved progress survive offline reload; unopened pages are honest (35.7s)

  91 passed (8.7m)
